[doc.rust-lang.org/book/index.html]
[backblue.gif]
[fade.gif]
[index.html]
[doc.rust-lang.org/book/favicon.svg]
[doc.rust-lang.org/book/favicon.png]
[doc.rust-lang.org/book/css/variables.css]
[doc.rust-lang.org/book/css/general.css]
[doc.rust-lang.org/book/css/chrome.css]
[doc.rust-lang.org/book/FontAwesome/css/font-awesome.css]
[doc.rust-lang.org/book/fonts/fonts.css]
[doc.rust-lang.org/book/highlight.css]
[doc.rust-lang.org/book/tomorrow-night.css]
[doc.rust-lang.org/book/title-page.html]
[doc.rust-lang.org/book/foreword.html]
[doc.rust-lang.org/book/ch00-00-introduction.html]
[doc.rust-lang.org/book/ch01-00-getting-started.html]
[doc.rust-lang.org/book/ch01-01-installation.html]
[doc.rust-lang.org/book/ch01-02-hello-world.html]
[doc.rust-lang.org/book/ch01-03-hello-cargo.html]
[doc.rust-lang.org/book/ch02-00-guessing-game-tutorial.html]
[doc.rust-lang.org/book/ch03-00-common-programming-concepts.html]
[doc.rust-lang.org/book/ch03-01-variables-and-mutability.html]
[doc.rust-lang.org/book/ch03-02-data-types.html]
[doc.rust-lang.org/book/ch03-03-how-functions-work.html]
[doc.rust-lang.org/book/ch03-04-comments.html]
[doc.rust-lang.org/book/ch03-05-control-flow.html]
[doc.rust-lang.org/book/ch04-00-understanding-ownership.html]
[doc.rust-lang.org/book/ch04-01-what-is-ownership.html]
[doc.rust-lang.org/book/ch04-02-references-and-borrowing.html]
[doc.rust-lang.org/book/ch04-03-slices.html]
[doc.rust-lang.org/book/ch05-00-structs.html]
[doc.rust-lang.org/book/ch05-01-defining-structs.html]
[doc.rust-lang.org/book/ch05-02-example-structs.html]
[doc.rust-lang.org/book/ch05-03-method-syntax.html]
[doc.rust-lang.org/book/ch06-00-enums.html]
[doc.rust-lang.org/book/ch06-01-defining-an-enum.html]
[doc.rust-lang.org/book/ch06-02-match.html]
[doc.rust-lang.org/book/ch06-03-if-let.html]
[doc.rust-lang.org/book/ch07-00-managing-growing-projects-with-packages-crates-and-modules.html]
[doc.rust-lang.org/book/ch07-02-defining-modules-to-control-scope-and-privacy.html]
[doc.rust-lang.org/book/ch07-01-packages-and-crates.html]
[doc.rust-lang.org/book/ch07-03-paths-for-referring-to-an-item-in-the-module-tree.html]
[doc.rust-lang.org/book/ch07-05-separating-modules-into-different-files.html]
[doc.rust-lang.org/book/ch07-04-bringing-paths-into-scope-with-the-use-keyword.html]
[doc.rust-lang.org/book/ch08-00-common-collections.html]
[doc.rust-lang.org/book/ch08-01-vectors.html]
[doc.rust-lang.org/book/ch08-02-strings.html]
[doc.rust-lang.org/book/ch08-03-hash-maps.html]
[doc.rust-lang.org/book/ch09-00-error-handling.html]
[doc.rust-lang.org/book/ch09-01-unrecoverable-errors-with-panic.html]
[doc.rust-lang.org/book/ch09-02-recoverable-errors-with-result.html]
[doc.rust-lang.org/book/ch09-03-to-panic-or-not-to-panic.html]
[doc.rust-lang.org/book/ch10-00-generics.html]
[doc.rust-lang.org/book/ch10-01-syntax.html]
[doc.rust-lang.org/book/ch10-02-traits.html]
[doc.rust-lang.org/book/ch10-03-lifetime-syntax.html]
[doc.rust-lang.org/book/ch11-00-testing.html]
[doc.rust-lang.org/book/ch11-01-writing-tests.html]
[doc.rust-lang.org/book/ch11-02-running-tests.html]
[doc.rust-lang.org/book/ch11-03-test-organization.html]
[doc.rust-lang.org/book/ch12-00-an-io-project.html]
[doc.rust-lang.org/book/ch12-01-accepting-command-line-arguments.html]
[doc.rust-lang.org/book/ch12-02-reading-a-file.html]
[doc.rust-lang.org/book/ch12-03-improving-error-handling-and-modularity.html]
[doc.rust-lang.org/book/ch12-04-testing-the-librarys-functionality.html]
[doc.rust-lang.org/book/ch12-05-working-with-environment-variables.html]
[doc.rust-lang.org/book/ch12-06-writing-to-stderr-instead-of-stdout.html]
[doc.rust-lang.org/book/ch13-00-functional-features.html]
[doc.rust-lang.org/book/ch13-01-closures.html]
[doc.rust-lang.org/book/ch13-02-iterators.html]
[doc.rust-lang.org/book/ch13-03-improving-our-io-project.html]
[doc.rust-lang.org/book/ch13-04-performance.html]
[doc.rust-lang.org/book/ch14-00-more-about-cargo.html]
[doc.rust-lang.org/book/ch14-01-release-profiles.html]
[doc.rust-lang.org/book/ch14-02-publishing-to-crates-io.html]
[doc.rust-lang.org/book/ch14-03-cargo-workspaces.html]
[doc.rust-lang.org/book/ch14-04-installing-binaries.html]
[doc.rust-lang.org/book/ch14-05-extending-cargo.html]
[doc.rust-lang.org/book/ch15-00-smart-pointers.html]
[doc.rust-lang.org/book/ch15-01-box.html]
[doc.rust-lang.org/book/ch15-02-deref.html]
[doc.rust-lang.org/book/ch15-03-drop.html]
[doc.rust-lang.org/book/ch15-04-rc.html]
[doc.rust-lang.org/book/ch15-05-interior-mutability.html]
[doc.rust-lang.org/book/ch15-06-reference-cycles.html]
[doc.rust-lang.org/book/ch16-00-concurrency.html]
[doc.rust-lang.org/book/ch16-01-threads.html]
[doc.rust-lang.org/book/ch16-02-message-passing.html]
[doc.rust-lang.org/book/ch16-03-shared-state.html]
[doc.rust-lang.org/book/ch16-04-extensible-concurrency-sync-and-send.html]
[doc.rust-lang.org/book/ch17-00-oop.html]
[doc.rust-lang.org/book/ch17-01-what-is-oo.html]
[doc.rust-lang.org/book/ch17-02-trait-objects.html]
[doc.rust-lang.org/book/ch17-03-oo-design-patterns.html]
[doc.rust-lang.org/book/ch18-00-patterns.html]
[doc.rust-lang.org/book/ch18-01-all-the-places-for-patterns.html]
[doc.rust-lang.org/book/ch18-02-refutability.html]
[doc.rust-lang.org/book/ch18-03-pattern-syntax.html]
[doc.rust-lang.org/book/ch19-00-advanced-features.html]
[doc.rust-lang.org/book/ch19-01-unsafe-rust.html]
[doc.rust-lang.org/book/ch19-03-advanced-traits.html]
[doc.rust-lang.org/book/ch19-04-advanced-types.html]
[doc.rust-lang.org/book/ch19-05-advanced-functions-and-closures.html]
[doc.rust-lang.org/book/ch19-06-macros.html]
[doc.rust-lang.org/book/ch20-00-final-project-a-web-server.html]
[doc.rust-lang.org/book/ch20-01-single-threaded.html]
[doc.rust-lang.org/book/ch20-02-multithreaded.html]
[doc.rust-lang.org/book/ch20-03-graceful-shutdown-and-cleanup.html]
[doc.rust-lang.org/book/appendix-00.html]
[doc.rust-lang.org/book/appendix-01-keywords.html]
[doc.rust-lang.org/book/appendix-02-operators.html]
[doc.rust-lang.org/book/appendix-03-derivable-traits.html]
[doc.rust-lang.org/book/appendix-04-useful-development-tools.html]
[doc.rust-lang.org/book/appendix-05-editions.html]
[doc.rust-lang.org/book/appendix-06-translation.html]
[doc.rust-lang.org/book/appendix-07-nightly-rust.html]
[doc.rust-lang.org/book/elasticlunr.min.js]
[doc.rust-lang.org/book/print.html]
[doc.rust-lang.org/book/mark.min.js]
[doc.rust-lang.org/book/searcher.js]
[doc.rust-lang.org/book/clipboard.min.js]
[doc.rust-lang.org/book/highlight.js]
[doc.rust-lang.org/book/book.js]
[doc.rust-lang.org/book/index.html]
[doc.rust-lang.org/book/favicon.svg]
[doc.rust-lang.org/book/css/variables.css]
[doc.rust-lang.org/book/css/general.css]
[doc.rust-lang.org/book/css/chrome.css]
[doc.rust-lang.org/book/css/print.css]
[doc.rust-lang.org/book/ferris.js]
[doc.rust-lang.org/book/FontAwesome/fonts/fontawesome-webfont3e6e.woff2]
[doc.rust-lang.org/book/FontAwesome/fonts/fontawesome-webfontd41d.eot]
[doc.rust-lang.org/book/FontAwesome/fonts/fontawesome-webfont3e6e.eot]
[doc.rust-lang.org/book/FontAwesome/fonts/fontawesome-webfont3e6e.woff]
[doc.rust-lang.org/book/FontAwesome/fonts/fontawesome-webfont3e6e.ttf]
[doc.rust-lang.org/book/FontAwesome/css/font-awesome.css]
[doc.rust-lang.org/book/fonts/open-sans-v17-all-charsets-300.woff2]
[doc.rust-lang.org/book/FontAwesome/fonts/fontawesome-webfont3e6e.svg]
[doc.rust-lang.org/book/fonts/open-sans-v17-all-charsets-300italic.woff2]
[doc.rust-lang.org/book/fonts/open-sans-v17-all-charsets-regular.woff2]
[doc.rust-lang.org/book/fonts/open-sans-v17-all-charsets-italic.woff2]
[doc.rust-lang.org/book/fonts/open-sans-v17-all-charsets-600.woff2]
[doc.rust-lang.org/book/fonts/open-sans-v17-all-charsets-600italic.woff2]
[doc.rust-lang.org/book/fonts/open-sans-v17-all-charsets-700.woff2]
[doc.rust-lang.org/book/fonts/open-sans-v17-all-charsets-700italic.woff2]
[doc.rust-lang.org/book/fonts/open-sans-v17-all-charsets-800.woff2]
[doc.rust-lang.org/book/fonts/open-sans-v17-all-charsets-800italic.woff2]
[doc.rust-lang.org/book/fonts/source-code-pro-v11-all-charsets-500.woff2]
[doc.rust-lang.org/book/fonts/fonts.css]
[doc.rust-lang.org/book/highlight.css]
[doc.rust-lang.org/book/tomorrow-night.css]
[doc.rust-lang.org/book/ayu-highlight.css]
[doc.rust-lang.org/book/ferris.css]
[doc.rust-lang.org/book/theme/2018-edition.css]
[doc.rust-lang.org/book/theme/semantic-notes.css]
[doc.rust-lang.org/book/theme/listing.css]
[doc.rust-lang.org/book/title-page.html]
[doc.rust-lang.org/book/foreword.html]
[doc.rust-lang.org/book/img/ferris/does_not_compile.svg]
[doc.rust-lang.org/book/img/ferris/panics.svg]
[doc.rust-lang.org/book/ch00-00-introduction.html]
[doc.rust-lang.org/book/ch01-00-getting-started.html]
[doc.rust-lang.org/book/ch01-01-installation.html]
[doc.rust-lang.org/book/ch01-02-hello-world.html]
[doc.rust-lang.org/book/ch01-03-hello-cargo.html]
[doc.rust-lang.org/book/ch02-00-guessing-game-tutorial.html]
[doc.rust-lang.org/book/ch03-00-common-programming-concepts.html]
[doc.rust-lang.org/book/ch03-01-variables-and-mutability.html]
[doc.rust-lang.org/book/ch03-02-data-types.html]
[doc.rust-lang.org/book/ch03-03-how-functions-work.html]
[doc.rust-lang.org/book/ch03-04-comments.html]
[doc.rust-lang.org/book/ch03-05-control-flow.html]
[doc.rust-lang.org/book/ch04-00-understanding-ownership.html]
[doc.rust-lang.org/book/img/ferris/not_desired_behavior.svg]
[doc.rust-lang.org/book/img/trpl04-01.svg]
[doc.rust-lang.org/book/img/trpl04-02.svg]
[doc.rust-lang.org/book/img/trpl04-03.svg]
[doc.rust-lang.org/book/img/trpl04-04.svg]
[doc.rust-lang.org/book/ch04-01-what-is-ownership.html]
[doc.rust-lang.org/book/img/trpl04-05.svg]
[doc.rust-lang.org/book/ch04-02-references-and-borrowing.html]
[doc.rust-lang.org/book/img/trpl04-06.svg]
[doc.rust-lang.org/book/ch04-03-slices.html]
[doc.rust-lang.org/book/ch05-00-structs.html]
[doc.rust-lang.org/book/ch05-01-defining-structs.html]
[doc.rust-lang.org/book/ch05-02-example-structs.html]
[doc.rust-lang.org/book/ch05-03-method-syntax.html]
[doc.rust-lang.org/book/ch06-00-enums.html]
[doc.rust-lang.org/book/ch06-01-defining-an-enum.html]
[doc.rust-lang.org/book/ch06-02-match.html]
[doc.rust-lang.org/book/ch06-03-if-let.html]
[doc.rust-lang.org/book/ch07-00-managing-growing-projects-with-packages-crates-and-modules.html]
[doc.rust-lang.org/book/ch07-01-packages-and-crates.html]
[doc.rust-lang.org/book/ch07-02-defining-modules-to-control-scope-and-privacy.html]
[doc.rust-lang.org/book/ch07-03-paths-for-referring-to-an-item-in-the-module-tree.html]
[doc.rust-lang.org/book/ch07-04-bringing-paths-into-scope-with-the-use-keyword.html]
[doc.rust-lang.org/book/ch07-05-separating-modules-into-different-files.html]
[doc.rust-lang.org/book/ch08-00-common-collections.html]
[doc.rust-lang.org/book/ch08-01-vectors.html]
[doc.rust-lang.org/book/ch08-02-strings.html]
[doc.rust-lang.org/book/ch08-03-hash-maps.html]
[doc.rust-lang.org/book/ch09-00-error-handling.html]
[doc.rust-lang.org/book/ch09-01-unrecoverable-errors-with-panic.html]
[doc.rust-lang.org/book/ch09-02-recoverable-errors-with-result.html]
[doc.rust-lang.org/book/ch09-03-to-panic-or-not-to-panic.html]
[doc.rust-lang.org/book/ch10-00-generics.html]
[doc.rust-lang.org/book/ch10-01-syntax.html]
[doc.rust-lang.org/book/ch10-02-traits.html]
[doc.rust-lang.org/book/ch10-03-lifetime-syntax.html]
[doc.rust-lang.org/book/ch11-00-testing.html]
[doc.rust-lang.org/book/ch11-01-writing-tests.html]
[doc.rust-lang.org/book/ch11-02-running-tests.html]
[doc.rust-lang.org/book/ch11-03-test-organization.html]
[doc.rust-lang.org/book/ch12-00-an-io-project.html]
[doc.rust-lang.org/book/ch12-01-accepting-command-line-arguments.html]
[doc.rust-lang.org/book/ch12-02-reading-a-file.html]
[doc.rust-lang.org/book/ch12-03-improving-error-handling-and-modularity.html]
[doc.rust-lang.org/book/ch12-04-testing-the-librarys-functionality.html]
[doc.rust-lang.org/book/ch12-05-working-with-environment-variables.html]
[doc.rust-lang.org/book/ch12-06-writing-to-stderr-instead-of-stdout.html]
[doc.rust-lang.org/book/ch13-00-functional-features.html]
[doc.rust-lang.org/book/ch13-01-closures.html]
[doc.rust-lang.org/book/ch13-02-iterators.html]
[doc.rust-lang.org/book/ch13-03-improving-our-io-project.html]
[doc.rust-lang.org/book/ch13-04-performance.html]
[doc.rust-lang.org/book/ch14-00-more-about-cargo.html]
[doc.rust-lang.org/book/ch14-01-release-profiles.html]
[doc.rust-lang.org/book/img/trpl14-01.png]
[doc.rust-lang.org/book/img/trpl14-02.png]
[doc.rust-lang.org/book/img/trpl14-03.png]
[doc.rust-lang.org/book/img/trpl14-04.png]
[doc.rust-lang.org/book/ch14-02-publishing-to-crates-io.html]
[doc.rust-lang.org/book/ch14-03-cargo-workspaces.html]
[doc.rust-lang.org/book/ch14-04-installing-binaries.html]
[doc.rust-lang.org/book/ch14-05-extending-cargo.html]
[doc.rust-lang.org/book/ch15-00-smart-pointers.html]
[doc.rust-lang.org/book/img/trpl15-01.svg]
[doc.rust-lang.org/book/img/trpl15-02.svg]
[doc.rust-lang.org/book/ch15-01-box.html]
[doc.rust-lang.org/book/ch15-02-deref.html]
[doc.rust-lang.org/book/ch15-03-drop.html]
[doc.rust-lang.org/book/img/trpl15-03.svg]
[doc.rust-lang.org/book/ch15-04-rc.html]
[doc.rust-lang.org/book/ch15-05-interior-mutability.html]
[doc.rust-lang.org/book/img/trpl15-04.svg]
[doc.rust-lang.org/book/ch15-06-reference-cycles.html]
[doc.rust-lang.org/book/ch16-00-concurrency.html]
[doc.rust-lang.org/book/ch16-01-threads.html]
[doc.rust-lang.org/book/ch16-02-message-passing.html]
[doc.rust-lang.org/book/ch16-03-shared-state.html]
[doc.rust-lang.org/book/ch16-04-extensible-concurrency-sync-and-send.html]
[doc.rust-lang.org/book/ch17-00-oop.html]
[doc.rust-lang.org/book/ch17-01-what-is-oo.html]
[doc.rust-lang.org/book/ch17-02-trait-objects.html]
[doc.rust-lang.org/book/ch17-03-oo-design-patterns.html]
[doc.rust-lang.org/book/ch18-00-patterns.html]
[doc.rust-lang.org/book/ch18-01-all-the-places-for-patterns.html]
[doc.rust-lang.org/book/ch18-02-refutability.html]
[doc.rust-lang.org/book/ch18-03-pattern-syntax.html]
[doc.rust-lang.org/book/ch19-00-advanced-features.html]
[doc.rust-lang.org/book/ch19-01-unsafe-rust.html]
[doc.rust-lang.org/book/ch19-03-advanced-traits.html]
[doc.rust-lang.org/book/ch19-04-advanced-types.html]
[doc.rust-lang.org/book/ch19-05-advanced-functions-and-closures.html]
[doc.rust-lang.org/book/ch19-06-macros.html]
[doc.rust-lang.org/book/img/trpl20-01.png]
[doc.rust-lang.org/book/ch20-00-final-project-a-web-server.html]
[doc.rust-lang.org/book/ch20-01-single-threaded.html]
[doc.rust-lang.org/book/ch20-02-multithreaded.html]
[doc.rust-lang.org/book/ch20-03-graceful-shutdown-and-cleanup.html]
[doc.rust-lang.org/book/appendix-00.html]
[doc.rust-lang.org/book/appendix-01-keywords.html]
[doc.rust-lang.org/book/appendix-02-operators.html]
[doc.rust-lang.org/book/appendix-03-derivable-traits.html]
[doc.rust-lang.org/book/appendix-04-useful-development-tools.html]
[doc.rust-lang.org/book/appendix-05-editions.html]
[doc.rust-lang.org/book/appendix-06-translation.html]
[doc.rust-lang.org/book/appendix-07-nightly-rust.html]
[doc.rust-lang.org/book/print.html]
[doc.rust-lang.org/book/FontAwesome/fonts/fontawesome-webfont3e6e.svg]
[doc.rust-lang.org/book/img/ferris/does_not_compile.svg]
[doc.rust-lang.org/book/img/ferris/panics.svg]
[doc.rust-lang.org/book/img/ferris/not_desired_behavior.svg]
[doc.rust-lang.org/book/img/trpl04-01.svg]
[doc.rust-lang.org/book/img/trpl04-02.svg]
[doc.rust-lang.org/book/img/trpl04-03.svg]
[doc.rust-lang.org/book/img/trpl04-04.svg]
[doc.rust-lang.org/book/img/trpl04-05.svg]
[doc.rust-lang.org/book/img/trpl04-06.svg]
[doc.rust-lang.org/book/img/trpl15-01.svg]
[doc.rust-lang.org/book/img/trpl15-02.svg]
[doc.rust-lang.org/book/img/trpl15-03.svg]
[doc.rust-lang.org/book/img/trpl15-04.svg]
