[doc.rust-lang.org/rust-by-example/index.html]
[backblue.gif]
[fade.gif]
[index.html]
[doc.rust-lang.org/rust-by-example/favicon.svg]
[doc.rust-lang.org/rust-by-example/favicon.png]
[doc.rust-lang.org/rust-by-example/css/variables.css]
[doc.rust-lang.org/rust-by-example/css/general.css]
[doc.rust-lang.org/rust-by-example/css/chrome.css]
[doc.rust-lang.org/rust-by-example/FontAwesome/css/font-awesome.css]
[doc.rust-lang.org/rust-by-example/fonts/fonts.css]
[doc.rust-lang.org/rust-by-example/highlight.css]
[doc.rust-lang.org/rust-by-example/tomorrow-night.css]
[doc.rust-lang.org/rust-by-example/index-2.html]
[doc.rust-lang.org/rust-by-example/hello.html]
[doc.rust-lang.org/rust-by-example/hello/comment.html]
[doc.rust-lang.org/rust-by-example/hello/print.html]
[doc.rust-lang.org/rust-by-example/hello/print/print_debug.html]
[doc.rust-lang.org/rust-by-example/hello/print/print_display.html]
[doc.rust-lang.org/rust-by-example/hello/print/print_display/testcase_list.html]
[doc.rust-lang.org/rust-by-example/hello/print/fmt.html]
[doc.rust-lang.org/rust-by-example/primitives.html]
[doc.rust-lang.org/rust-by-example/primitives/literals.html]
[doc.rust-lang.org/rust-by-example/primitives/tuples.html]
[doc.rust-lang.org/rust-by-example/primitives/array.html]
[doc.rust-lang.org/rust-by-example/custom_types.html]
[doc.rust-lang.org/rust-by-example/custom_types/structs.html]
[doc.rust-lang.org/rust-by-example/custom_types/enum.html]
[doc.rust-lang.org/rust-by-example/custom_types/enum/enum_use.html]
[doc.rust-lang.org/rust-by-example/custom_types/enum/c_like.html]
[doc.rust-lang.org/rust-by-example/custom_types/enum/testcase_linked_list.html]
[doc.rust-lang.org/rust-by-example/variable_bindings.html]
[doc.rust-lang.org/rust-by-example/custom_types/constants.html]
[doc.rust-lang.org/rust-by-example/variable_bindings/mut.html]
[doc.rust-lang.org/rust-by-example/variable_bindings/scope.html]
[doc.rust-lang.org/rust-by-example/variable_bindings/declare.html]
[doc.rust-lang.org/rust-by-example/variable_bindings/freeze.html]
[doc.rust-lang.org/rust-by-example/types.html]
[doc.rust-lang.org/rust-by-example/types/cast.html]
[doc.rust-lang.org/rust-by-example/types/literals.html]
[doc.rust-lang.org/rust-by-example/types/inference.html]
[doc.rust-lang.org/rust-by-example/types/alias.html]
[doc.rust-lang.org/rust-by-example/conversion.html]
[doc.rust-lang.org/rust-by-example/conversion/from_into.html]
[doc.rust-lang.org/rust-by-example/conversion/try_from_try_into.html]
[doc.rust-lang.org/rust-by-example/conversion/string.html]
[doc.rust-lang.org/rust-by-example/expression.html]
[doc.rust-lang.org/rust-by-example/flow_control.html]
[doc.rust-lang.org/rust-by-example/flow_control/loop.html]
[doc.rust-lang.org/rust-by-example/flow_control/if_else.html]
[doc.rust-lang.org/rust-by-example/flow_control/loop/nested.html]
[doc.rust-lang.org/rust-by-example/flow_control/loop/return.html]
[doc.rust-lang.org/rust-by-example/flow_control/while.html]
[doc.rust-lang.org/rust-by-example/flow_control/for.html]
[doc.rust-lang.org/rust-by-example/flow_control/match.html]
[doc.rust-lang.org/rust-by-example/flow_control/match/destructuring.html]
[doc.rust-lang.org/rust-by-example/flow_control/match/destructuring/destructure_tuple.html]
[doc.rust-lang.org/rust-by-example/flow_control/match/destructuring/destructure_slice.html]
[doc.rust-lang.org/rust-by-example/flow_control/match/destructuring/destructure_enum.html]
[doc.rust-lang.org/rust-by-example/flow_control/match/destructuring/destructure_pointers.html]
[doc.rust-lang.org/rust-by-example/flow_control/match/destructuring/destructure_structures.html]
[doc.rust-lang.org/rust-by-example/flow_control/match/guard.html]
[doc.rust-lang.org/rust-by-example/flow_control/match/binding.html]
[doc.rust-lang.org/rust-by-example/flow_control/if_let.html]
[doc.rust-lang.org/rust-by-example/flow_control/let_else.html]
[doc.rust-lang.org/rust-by-example/flow_control/while_let.html]
[doc.rust-lang.org/rust-by-example/fn.html]
[doc.rust-lang.org/rust-by-example/fn/methods.html]
[doc.rust-lang.org/rust-by-example/fn/closures.html]
[doc.rust-lang.org/rust-by-example/fn/closures/capture.html]
[doc.rust-lang.org/rust-by-example/fn/closures/input_parameters.html]
[doc.rust-lang.org/rust-by-example/fn/closures/anonymity.html]
[doc.rust-lang.org/rust-by-example/fn/closures/input_functions.html]
[doc.rust-lang.org/rust-by-example/fn/closures/output_parameters.html]
[doc.rust-lang.org/rust-by-example/fn/closures/closure_examples.html]
[doc.rust-lang.org/rust-by-example/fn/closures/closure_examples/iter_any.html]
[doc.rust-lang.org/rust-by-example/fn/closures/closure_examples/iter_find.html]
[doc.rust-lang.org/rust-by-example/fn/hof.html]
[doc.rust-lang.org/rust-by-example/fn/diverging.html]
[doc.rust-lang.org/rust-by-example/mod.html]
[doc.rust-lang.org/rust-by-example/mod/visibility.html]
[doc.rust-lang.org/rust-by-example/mod/struct_visibility.html]
[doc.rust-lang.org/rust-by-example/mod/use.html]
[doc.rust-lang.org/rust-by-example/mod/super.html]
[doc.rust-lang.org/rust-by-example/mod/split.html]
[doc.rust-lang.org/rust-by-example/crates.html]
[doc.rust-lang.org/rust-by-example/crates/lib.html]
[doc.rust-lang.org/rust-by-example/crates/using_lib.html]
[doc.rust-lang.org/rust-by-example/cargo.html]
[doc.rust-lang.org/rust-by-example/cargo/deps.html]
[doc.rust-lang.org/rust-by-example/cargo/conventions.html]
[doc.rust-lang.org/rust-by-example/cargo/test.html]
[doc.rust-lang.org/rust-by-example/cargo/build_scripts.html]
[doc.rust-lang.org/rust-by-example/attribute.html]
[doc.rust-lang.org/rust-by-example/attribute/unused.html]
[doc.rust-lang.org/rust-by-example/attribute/crate.html]
[doc.rust-lang.org/rust-by-example/attribute/cfg.html]
[doc.rust-lang.org/rust-by-example/attribute/cfg/custom.html]
[doc.rust-lang.org/rust-by-example/generics.html]
[doc.rust-lang.org/rust-by-example/generics/gen_fn.html]
[doc.rust-lang.org/rust-by-example/generics/impl.html]
[doc.rust-lang.org/rust-by-example/generics/gen_trait.html]
[doc.rust-lang.org/rust-by-example/generics/bounds.html]
[doc.rust-lang.org/rust-by-example/generics/bounds/testcase_empty.html]
[doc.rust-lang.org/rust-by-example/generics/multi_bounds.html]
[doc.rust-lang.org/rust-by-example/generics/where.html]
[doc.rust-lang.org/rust-by-example/generics/new_types.html]
[doc.rust-lang.org/rust-by-example/generics/assoc_items.html]
[doc.rust-lang.org/rust-by-example/generics/assoc_items/the_problem.html]
[doc.rust-lang.org/rust-by-example/generics/assoc_items/types.html]
[doc.rust-lang.org/rust-by-example/generics/phantom.html]
[doc.rust-lang.org/rust-by-example/generics/phantom/testcase_units.html]
[doc.rust-lang.org/rust-by-example/scope.html]
[doc.rust-lang.org/rust-by-example/scope/raii.html]
[doc.rust-lang.org/rust-by-example/scope/move.html]
[doc.rust-lang.org/rust-by-example/scope/move/mut.html]
[doc.rust-lang.org/rust-by-example/scope/move/partial_move.html]
[doc.rust-lang.org/rust-by-example/scope/borrow.html]
[doc.rust-lang.org/rust-by-example/scope/borrow/mut.html]
[doc.rust-lang.org/rust-by-example/scope/borrow/alias.html]
[doc.rust-lang.org/rust-by-example/scope/borrow/ref.html]
[doc.rust-lang.org/rust-by-example/scope/lifetime.html]
[doc.rust-lang.org/rust-by-example/scope/lifetime/explicit.html]
[doc.rust-lang.org/rust-by-example/scope/lifetime/fn.html]
[doc.rust-lang.org/rust-by-example/scope/lifetime/methods.html]
[doc.rust-lang.org/rust-by-example/scope/lifetime/struct.html]
[doc.rust-lang.org/rust-by-example/scope/lifetime/trait.html]
[doc.rust-lang.org/rust-by-example/scope/lifetime/lifetime_bounds.html]
[doc.rust-lang.org/rust-by-example/scope/lifetime/lifetime_coercion.html]
[doc.rust-lang.org/rust-by-example/scope/lifetime/static_lifetime.html]
[doc.rust-lang.org/rust-by-example/scope/lifetime/elision.html]
[doc.rust-lang.org/rust-by-example/trait.html]
[doc.rust-lang.org/rust-by-example/trait/derive.html]
[doc.rust-lang.org/rust-by-example/trait/dyn.html]
[doc.rust-lang.org/rust-by-example/trait/ops.html]
[doc.rust-lang.org/rust-by-example/trait/drop.html]
[doc.rust-lang.org/rust-by-example/trait/iter.html]
[doc.rust-lang.org/rust-by-example/trait/impl_trait.html]
[doc.rust-lang.org/rust-by-example/trait/clone.html]
[doc.rust-lang.org/rust-by-example/trait/supertraits.html]
[doc.rust-lang.org/rust-by-example/trait/disambiguating.html]
[doc.rust-lang.org/rust-by-example/macros.html]
[doc.rust-lang.org/rust-by-example/macros/syntax.html]
[doc.rust-lang.org/rust-by-example/macros/designators.html]
[doc.rust-lang.org/rust-by-example/macros/overload.html]
[doc.rust-lang.org/rust-by-example/macros/repeat.html]
[doc.rust-lang.org/rust-by-example/macros/dry.html]
[doc.rust-lang.org/rust-by-example/macros/dsl.html]
[doc.rust-lang.org/rust-by-example/macros/variadics.html]
[doc.rust-lang.org/rust-by-example/error.html]
[doc.rust-lang.org/rust-by-example/error/panic.html]
[doc.rust-lang.org/rust-by-example/error/abort_unwind.html]
[doc.rust-lang.org/rust-by-example/error/option_unwrap.html]
[doc.rust-lang.org/rust-by-example/error/option_unwrap/question_mark.html]
[doc.rust-lang.org/rust-by-example/error/option_unwrap/map.html]
[doc.rust-lang.org/rust-by-example/error/option_unwrap/and_then.html]
[doc.rust-lang.org/rust-by-example/error/option_unwrap/defaults.html]
[doc.rust-lang.org/rust-by-example/error/result.html]
[doc.rust-lang.org/rust-by-example/error/result/result_map.html]
[doc.rust-lang.org/rust-by-example/error/result/result_alias.html]
[doc.rust-lang.org/rust-by-example/error/result/early_returns.html]
[doc.rust-lang.org/rust-by-example/error/result/enter_question_mark.html]
[doc.rust-lang.org/rust-by-example/error/multiple_error_types.html]
[doc.rust-lang.org/rust-by-example/error/multiple_error_types/option_result.html]
[doc.rust-lang.org/rust-by-example/error/multiple_error_types/define_error_type.html]
[doc.rust-lang.org/rust-by-example/error/multiple_error_types/boxing_errors.html]
[doc.rust-lang.org/rust-by-example/error/multiple_error_types/reenter_question_mark.html]
[doc.rust-lang.org/rust-by-example/error/multiple_error_types/wrap_error.html]
[doc.rust-lang.org/rust-by-example/error/iter_result.html]
[doc.rust-lang.org/rust-by-example/std.html]
[doc.rust-lang.org/rust-by-example/std/box.html]
[doc.rust-lang.org/rust-by-example/std/vec.html]
[doc.rust-lang.org/rust-by-example/std/str.html]
[doc.rust-lang.org/rust-by-example/std/option.html]
[doc.rust-lang.org/rust-by-example/std/result.html]
[doc.rust-lang.org/rust-by-example/std/panic.html]
[doc.rust-lang.org/rust-by-example/std/result/question_mark.html]
[doc.rust-lang.org/rust-by-example/std/hash.html]
[doc.rust-lang.org/rust-by-example/std/hash/alt_key_types.html]
[doc.rust-lang.org/rust-by-example/std/hash/hashset.html]
[doc.rust-lang.org/rust-by-example/std/rc.html]
[doc.rust-lang.org/rust-by-example/std/arc.html]
[doc.rust-lang.org/rust-by-example/std_misc.html]
[doc.rust-lang.org/rust-by-example/std_misc/threads.html]
[doc.rust-lang.org/rust-by-example/std_misc/channels.html]
[doc.rust-lang.org/rust-by-example/std_misc/path.html]
[doc.rust-lang.org/rust-by-example/std_misc/threads/testcase_mapreduce.html]
[doc.rust-lang.org/rust-by-example/std_misc/file.html]
[doc.rust-lang.org/rust-by-example/std_misc/file/open.html]
[doc.rust-lang.org/rust-by-example/std_misc/file/create.html]
[doc.rust-lang.org/rust-by-example/std_misc/file/read_lines.html]
[doc.rust-lang.org/rust-by-example/std_misc/process.html]
[doc.rust-lang.org/rust-by-example/std_misc/process/pipe.html]
[doc.rust-lang.org/rust-by-example/std_misc/process/wait.html]
[doc.rust-lang.org/rust-by-example/std_misc/fs.html]
[doc.rust-lang.org/rust-by-example/std_misc/arg.html]
[doc.rust-lang.org/rust-by-example/std_misc/arg/matching.html]
[doc.rust-lang.org/rust-by-example/testing.html]
[doc.rust-lang.org/rust-by-example/std_misc/ffi.html]
[doc.rust-lang.org/rust-by-example/testing/unit_testing.html]
[doc.rust-lang.org/rust-by-example/testing/doc_testing.html]
[doc.rust-lang.org/rust-by-example/testing/integration_testing.html]
[doc.rust-lang.org/rust-by-example/testing/dev_dependencies.html]
[doc.rust-lang.org/rust-by-example/unsafe.html]
[doc.rust-lang.org/rust-by-example/unsafe/asm.html]
[doc.rust-lang.org/rust-by-example/compatibility.html]
[doc.rust-lang.org/rust-by-example/compatibility/raw_identifiers.html]
[doc.rust-lang.org/rust-by-example/meta.html]
[doc.rust-lang.org/rust-by-example/meta/doc.html]
[doc.rust-lang.org/rust-by-example/meta/playground.html]
[doc.rust-lang.org/rust-by-example/print.html]
[doc.rust-lang.org/rust-by-example/ace.js]
[doc.rust-lang.org/rust-by-example/editor.js]
[doc.rust-lang.org/rust-by-example/mode-rust.js]
[doc.rust-lang.org/rust-by-example/theme-dawn.js]
[doc.rust-lang.org/rust-by-example/theme-tomorrow_night.js]
[doc.rust-lang.org/rust-by-example/elasticlunr.min.js]
[doc.rust-lang.org/rust-by-example/mark.min.js]
[doc.rust-lang.org/rust-by-example/searcher.js]
[doc.rust-lang.org/rust-by-example/clipboard.min.js]
[doc.rust-lang.org/rust-by-example/highlight.js]
[doc.rust-lang.org/rust-by-example/index.html]
[doc.rust-lang.org/rust-by-example/favicon.svg]
[doc.rust-lang.org/rust-by-example/css/variables.css]
[doc.rust-lang.org/rust-by-example/css/general.css]
[doc.rust-lang.org/rust-by-example/css/chrome.css]
[doc.rust-lang.org/rust-by-example/css/print.css]
[doc.rust-lang.org/rust-by-example/book.js]
[doc.rust-lang.org/rust-by-example/FontAwesome/fonts/fontawesome-webfontd41d.eot]
[doc.rust-lang.org/rust-by-example/FontAwesome/fonts/fontawesome-webfont3e6e.eot]
[doc.rust-lang.org/rust-by-example/FontAwesome/fonts/fontawesome-webfont3e6e.woff2]
[doc.rust-lang.org/rust-by-example/FontAwesome/fonts/fontawesome-webfont3e6e.woff]
[doc.rust-lang.org/rust-by-example/FontAwesome/fonts/fontawesome-webfont3e6e.ttf]
[doc.rust-lang.org/rust-by-example/FontAwesome/css/font-awesome.css]
[doc.rust-lang.org/rust-by-example/fonts/open-sans-v17-all-charsets-300.woff2]
[doc.rust-lang.org/rust-by-example/FontAwesome/fonts/fontawesome-webfont3e6e.svg]
[doc.rust-lang.org/rust-by-example/fonts/open-sans-v17-all-charsets-300italic.woff2]
[doc.rust-lang.org/rust-by-example/fonts/open-sans-v17-all-charsets-regular.woff2]
[doc.rust-lang.org/rust-by-example/fonts/open-sans-v17-all-charsets-italic.woff2]
[doc.rust-lang.org/rust-by-example/fonts/open-sans-v17-all-charsets-600.woff2]
[doc.rust-lang.org/rust-by-example/fonts/open-sans-v17-all-charsets-600italic.woff2]
[doc.rust-lang.org/rust-by-example/fonts/open-sans-v17-all-charsets-700.woff2]
[doc.rust-lang.org/rust-by-example/fonts/open-sans-v17-all-charsets-700italic.woff2]
[doc.rust-lang.org/rust-by-example/fonts/open-sans-v17-all-charsets-800.woff2]
[doc.rust-lang.org/rust-by-example/fonts/open-sans-v17-all-charsets-800italic.woff2]
[doc.rust-lang.org/rust-by-example/fonts/source-code-pro-v11-all-charsets-500.woff2]
[doc.rust-lang.org/rust-by-example/fonts/fonts.css]
[doc.rust-lang.org/rust-by-example/highlight.css]
[doc.rust-lang.org/rust-by-example/tomorrow-night.css]
[doc.rust-lang.org/rust-by-example/ayu-highlight.css]
[doc.rust-lang.org/rust-by-example/theme/css/language-picker.css]
[doc.rust-lang.org/rust-by-example/index-2.html]
[doc.rust-lang.org/rust-by-example/hello.html]
[doc.rust-lang.org/rust-by-example/hello/comment.html]
[doc.rust-lang.org/rust-by-example/hello/print.html]
[doc.rust-lang.org/rust-by-example/hello/print/print_debug.html]
[doc.rust-lang.org/rust-by-example/hello/print/print_display.html]
[doc.rust-lang.org/rust-by-example/hello/print/print_display/testcase_list.html]
[doc.rust-lang.org/rust-by-example/hello/print/fmt.html]
[doc.rust-lang.org/rust-by-example/primitives.html]
[doc.rust-lang.org/rust-by-example/primitives/literals.html]
[doc.rust-lang.org/rust-by-example/primitives/tuples.html]
[doc.rust-lang.org/rust-by-example/primitives/array.html]
[doc.rust-lang.org/rust-by-example/custom_types.html]
[doc.rust-lang.org/rust-by-example/custom_types/structs.html]
[doc.rust-lang.org/rust-by-example/custom_types/enum.html]
[doc.rust-lang.org/rust-by-example/custom_types/enum/enum_use.html]
[doc.rust-lang.org/rust-by-example/custom_types/enum/c_like.html]
[doc.rust-lang.org/rust-by-example/custom_types/enum/testcase_linked_list.html]
[doc.rust-lang.org/rust-by-example/custom_types/constants.html]
[doc.rust-lang.org/rust-by-example/variable_bindings.html]
[doc.rust-lang.org/rust-by-example/variable_bindings/mut.html]
[doc.rust-lang.org/rust-by-example/variable_bindings/scope.html]
[doc.rust-lang.org/rust-by-example/variable_bindings/declare.html]
[doc.rust-lang.org/rust-by-example/variable_bindings/freeze.html]
[doc.rust-lang.org/rust-by-example/types.html]
[doc.rust-lang.org/rust-by-example/types/cast.html]
[doc.rust-lang.org/rust-by-example/types/literals.html]
[doc.rust-lang.org/rust-by-example/types/inference.html]
[doc.rust-lang.org/rust-by-example/types/alias.html]
[doc.rust-lang.org/rust-by-example/conversion.html]
[doc.rust-lang.org/rust-by-example/conversion/from_into.html]
[doc.rust-lang.org/rust-by-example/conversion/try_from_try_into.html]
[doc.rust-lang.org/rust-by-example/conversion/string.html]
[doc.rust-lang.org/rust-by-example/expression.html]
[doc.rust-lang.org/rust-by-example/flow_control.html]
[doc.rust-lang.org/rust-by-example/flow_control/if_else.html]
[doc.rust-lang.org/rust-by-example/flow_control/loop.html]
[doc.rust-lang.org/rust-by-example/flow_control/loop/nested.html]
[doc.rust-lang.org/rust-by-example/flow_control/loop/return.html]
[doc.rust-lang.org/rust-by-example/flow_control/while.html]
[doc.rust-lang.org/rust-by-example/flow_control/for.html]
[doc.rust-lang.org/rust-by-example/flow_control/match.html]
[doc.rust-lang.org/rust-by-example/flow_control/match/destructuring.html]
[doc.rust-lang.org/rust-by-example/flow_control/match/destructuring/destructure_tuple.html]
[doc.rust-lang.org/rust-by-example/flow_control/match/destructuring/destructure_slice.html]
[doc.rust-lang.org/rust-by-example/flow_control/match/destructuring/destructure_enum.html]
[doc.rust-lang.org/rust-by-example/flow_control/match/destructuring/destructure_pointers.html]
[doc.rust-lang.org/rust-by-example/flow_control/match/destructuring/destructure_structures.html]
[doc.rust-lang.org/rust-by-example/flow_control/match/guard.html]
[doc.rust-lang.org/rust-by-example/flow_control/match/binding.html]
[doc.rust-lang.org/rust-by-example/flow_control/if_let.html]
[doc.rust-lang.org/rust-by-example/flow_control/let_else.html]
[doc.rust-lang.org/rust-by-example/flow_control/while_let.html]
[doc.rust-lang.org/rust-by-example/fn.html]
[doc.rust-lang.org/rust-by-example/fn/methods.html]
[doc.rust-lang.org/rust-by-example/fn/closures.html]
[doc.rust-lang.org/rust-by-example/fn/closures/capture.html]
[doc.rust-lang.org/rust-by-example/fn/closures/input_parameters.html]
[doc.rust-lang.org/rust-by-example/fn/closures/anonymity.html]
[doc.rust-lang.org/rust-by-example/fn/closures/input_functions.html]
[doc.rust-lang.org/rust-by-example/fn/closures/output_parameters.html]
[doc.rust-lang.org/rust-by-example/fn/closures/closure_examples.html]
[doc.rust-lang.org/rust-by-example/fn/closures/closure_examples/iter_any.html]
[doc.rust-lang.org/rust-by-example/fn/closures/closure_examples/iter_find.html]
[doc.rust-lang.org/rust-by-example/fn/hof.html]
[doc.rust-lang.org/rust-by-example/fn/diverging.html]
[doc.rust-lang.org/rust-by-example/mod.html]
[doc.rust-lang.org/rust-by-example/mod/visibility.html]
[doc.rust-lang.org/rust-by-example/mod/struct_visibility.html]
[doc.rust-lang.org/rust-by-example/mod/use.html]
[doc.rust-lang.org/rust-by-example/mod/super.html]
[doc.rust-lang.org/rust-by-example/mod/split.html]
[doc.rust-lang.org/rust-by-example/crates.html]
[doc.rust-lang.org/rust-by-example/crates/lib.html]
[doc.rust-lang.org/rust-by-example/crates/using_lib.html]
[doc.rust-lang.org/rust-by-example/cargo.html]
[doc.rust-lang.org/rust-by-example/cargo/deps.html]
[doc.rust-lang.org/rust-by-example/cargo/conventions.html]
[doc.rust-lang.org/rust-by-example/cargo/test.html]
[doc.rust-lang.org/rust-by-example/cargo/build_scripts.html]
[doc.rust-lang.org/rust-by-example/attribute.html]
[doc.rust-lang.org/rust-by-example/attribute/unused.html]
[doc.rust-lang.org/rust-by-example/attribute/crate.html]
[doc.rust-lang.org/rust-by-example/attribute/cfg.html]
[doc.rust-lang.org/rust-by-example/attribute/cfg/custom.html]
[doc.rust-lang.org/rust-by-example/generics.html]
[doc.rust-lang.org/rust-by-example/generics/gen_fn.html]
[doc.rust-lang.org/rust-by-example/generics/impl.html]
[doc.rust-lang.org/rust-by-example/generics/gen_trait.html]
[doc.rust-lang.org/rust-by-example/generics/bounds.html]
[doc.rust-lang.org/rust-by-example/generics/bounds/testcase_empty.html]
[doc.rust-lang.org/rust-by-example/generics/multi_bounds.html]
[doc.rust-lang.org/rust-by-example/generics/where.html]
[doc.rust-lang.org/rust-by-example/generics/new_types.html]
[doc.rust-lang.org/rust-by-example/generics/assoc_items.html]
[doc.rust-lang.org/rust-by-example/generics/assoc_items/the_problem.html]
[doc.rust-lang.org/rust-by-example/generics/assoc_items/types.html]
[doc.rust-lang.org/rust-by-example/generics/phantom.html]
[doc.rust-lang.org/rust-by-example/generics/phantom/testcase_units.html]
[doc.rust-lang.org/rust-by-example/scope.html]
[doc.rust-lang.org/rust-by-example/scope/raii.html]
[doc.rust-lang.org/rust-by-example/scope/move.html]
[doc.rust-lang.org/rust-by-example/scope/move/mut.html]
[doc.rust-lang.org/rust-by-example/scope/move/partial_move.html]
[doc.rust-lang.org/rust-by-example/scope/borrow.html]
[doc.rust-lang.org/rust-by-example/scope/borrow/mut.html]
[doc.rust-lang.org/rust-by-example/scope/borrow/alias.html]
[doc.rust-lang.org/rust-by-example/scope/borrow/ref.html]
[doc.rust-lang.org/rust-by-example/scope/lifetime.html]
[doc.rust-lang.org/rust-by-example/scope/lifetime/explicit.html]
[doc.rust-lang.org/rust-by-example/scope/lifetime/fn.html]
[doc.rust-lang.org/rust-by-example/scope/lifetime/methods.html]
[doc.rust-lang.org/rust-by-example/scope/lifetime/struct.html]
[doc.rust-lang.org/rust-by-example/scope/lifetime/trait.html]
[doc.rust-lang.org/rust-by-example/scope/lifetime/lifetime_bounds.html]
[doc.rust-lang.org/rust-by-example/scope/lifetime/lifetime_coercion.html]
[doc.rust-lang.org/rust-by-example/scope/lifetime/static_lifetime.html]
[doc.rust-lang.org/rust-by-example/scope/lifetime/elision.html]
[doc.rust-lang.org/rust-by-example/trait.html]
[doc.rust-lang.org/rust-by-example/trait/derive.html]
[doc.rust-lang.org/rust-by-example/trait/dyn.html]
[doc.rust-lang.org/rust-by-example/trait/ops.html]
[doc.rust-lang.org/rust-by-example/trait/drop.html]
[doc.rust-lang.org/rust-by-example/trait/iter.html]
[doc.rust-lang.org/rust-by-example/trait/impl_trait.html]
[doc.rust-lang.org/rust-by-example/trait/clone.html]
[doc.rust-lang.org/rust-by-example/trait/supertraits.html]
[doc.rust-lang.org/rust-by-example/trait/disambiguating.html]
[doc.rust-lang.org/rust-by-example/macros.html]
[doc.rust-lang.org/rust-by-example/macros/syntax.html]
[doc.rust-lang.org/rust-by-example/macros/designators.html]
[doc.rust-lang.org/rust-by-example/macros/overload.html]
[doc.rust-lang.org/rust-by-example/macros/repeat.html]
[doc.rust-lang.org/rust-by-example/macros/dry.html]
[doc.rust-lang.org/rust-by-example/macros/dsl.html]
[doc.rust-lang.org/rust-by-example/macros/variadics.html]
[doc.rust-lang.org/rust-by-example/error.html]
[doc.rust-lang.org/rust-by-example/error/panic.html]
[doc.rust-lang.org/rust-by-example/error/abort_unwind.html]
[doc.rust-lang.org/rust-by-example/error/option_unwrap.html]
[doc.rust-lang.org/rust-by-example/error/option_unwrap/question_mark.html]
[doc.rust-lang.org/rust-by-example/error/option_unwrap/map.html]
[doc.rust-lang.org/rust-by-example/error/option_unwrap/and_then.html]
[doc.rust-lang.org/rust-by-example/error/option_unwrap/defaults.html]
[doc.rust-lang.org/rust-by-example/error/result.html]
[doc.rust-lang.org/rust-by-example/error/result/result_map.html]
[doc.rust-lang.org/rust-by-example/error/result/result_alias.html]
[doc.rust-lang.org/rust-by-example/error/result/early_returns.html]
[doc.rust-lang.org/rust-by-example/error/result/enter_question_mark.html]
[doc.rust-lang.org/rust-by-example/error/multiple_error_types.html]
[doc.rust-lang.org/rust-by-example/error/multiple_error_types/option_result.html]
[doc.rust-lang.org/rust-by-example/error/multiple_error_types/define_error_type.html]
[doc.rust-lang.org/rust-by-example/error/multiple_error_types/boxing_errors.html]
[doc.rust-lang.org/rust-by-example/error/multiple_error_types/reenter_question_mark.html]
[doc.rust-lang.org/rust-by-example/error/multiple_error_types/wrap_error.html]
[doc.rust-lang.org/rust-by-example/error/iter_result.html]
[doc.rust-lang.org/rust-by-example/std.html]
[doc.rust-lang.org/rust-by-example/std/box.html]
[doc.rust-lang.org/rust-by-example/std/vec.html]
[doc.rust-lang.org/rust-by-example/std/str.html]
[doc.rust-lang.org/rust-by-example/std/option.html]
[doc.rust-lang.org/rust-by-example/std/result.html]
[doc.rust-lang.org/rust-by-example/std/result/question_mark.html]
[doc.rust-lang.org/rust-by-example/std/panic.html]
[doc.rust-lang.org/rust-by-example/std/hash.html]
[doc.rust-lang.org/rust-by-example/std/hash/alt_key_types.html]
[doc.rust-lang.org/rust-by-example/std/hash/hashset.html]
[doc.rust-lang.org/rust-by-example/std/rc.html]
[doc.rust-lang.org/rust-by-example/std/arc.html]
[doc.rust-lang.org/rust-by-example/std_misc.html]
[doc.rust-lang.org/rust-by-example/std_misc/threads.html]
[doc.rust-lang.org/rust-by-example/std_misc/threads/testcase_mapreduce.html]
[doc.rust-lang.org/rust-by-example/std_misc/channels.html]
[doc.rust-lang.org/rust-by-example/std_misc/path.html]
[doc.rust-lang.org/rust-by-example/std_misc/file.html]
[doc.rust-lang.org/rust-by-example/std_misc/file/open.html]
[doc.rust-lang.org/rust-by-example/std_misc/file/create.html]
[doc.rust-lang.org/rust-by-example/std_misc/file/read_lines.html]
[doc.rust-lang.org/rust-by-example/std_misc/process.html]
[doc.rust-lang.org/rust-by-example/std_misc/process/pipe.html]
[doc.rust-lang.org/rust-by-example/std_misc/process/wait.html]
[doc.rust-lang.org/rust-by-example/std_misc/fs.html]
[doc.rust-lang.org/rust-by-example/std_misc/arg.html]
[doc.rust-lang.org/rust-by-example/std_misc/arg/matching.html]
[doc.rust-lang.org/rust-by-example/std_misc/ffi.html]
[doc.rust-lang.org/rust-by-example/testing.html]
[doc.rust-lang.org/rust-by-example/testing/unit_testing.html]
[doc.rust-lang.org/rust-by-example/testing/doc_testing.html]
[doc.rust-lang.org/rust-by-example/testing/integration_testing.html]
[doc.rust-lang.org/rust-by-example/testing/dev_dependencies.html]
[doc.rust-lang.org/rust-by-example/unsafe.html]
[doc.rust-lang.org/rust-by-example/unsafe/asm.html]
[doc.rust-lang.org/rust-by-example/compatibility.html]
[doc.rust-lang.org/rust-by-example/compatibility/raw_identifiers.html]
[doc.rust-lang.org/rust-by-example/meta.html]
[doc.rust-lang.org/rust-by-example/meta/doc.html]
[doc.rust-lang.org/rust-by-example/meta/playground.html]
[doc.rust-lang.org/rust-by-example/print.html]
[doc.rust-lang.org/rust-by-example/FontAwesome/fonts/fontawesome-webfont3e6e.svg]
