[doc.rust-lang.org/rust-by-example/index.html]
[backblue.gif]
[fade.gif]
[index.html]
[doc.rust-lang.org/rust-by-example/favicon.svg]
[doc.rust-lang.org/rust-by-example/favicon.png]
[doc.rust-lang.org/rust-by-example/css/variables.css]
[doc.rust-lang.org/rust-by-example/css/general.css]
[doc.rust-lang.org/rust-by-example/css/chrome.css]
[doc.rust-lang.org/rust-by-example/FontAwesome/css/font-awesome.css]
[doc.rust-lang.org/rust-by-example/fonts/fonts.css]
[doc.rust-lang.org/rust-by-example/highlight.css]
[doc.rust-lang.org/rust-by-example/tomorrow-night.css]
[doc.rust-lang.org/rust-by-example/index-2.html]
[doc.rust-lang.org/rust-by-example/hello.html]
[doc.rust-lang.org/rust-by-example/hello/comment.html]
[doc.rust-lang.org/rust-by-example/hello/print.html]
[doc.rust-lang.org/rust-by-example/hello/print/print_debug.html]
[doc.rust-lang.org/rust-by-example/hello/print/print_display.html]
[doc.rust-lang.org/rust-by-example/hello/print/print_display/testcase_list.html]
[doc.rust-lang.org/rust-by-example/hello/print/fmt.html]
[doc.rust-lang.org/rust-by-example/primitives.html]
[doc.rust-lang.org/rust-by-example/primitives/literals.html]
[doc.rust-lang.org/rust-by-example/primitives/tuples.html]
[doc.rust-lang.org/rust-by-example/primitives/array.html]
[doc.rust-lang.org/rust-by-example/custom_types.html]
[doc.rust-lang.org/rust-by-example/custom_types/structs.html]
[doc.rust-lang.org/rust-by-example/custom_types/enum.html]
[doc.rust-lang.org/rust-by-example/custom_types/enum/enum_use.html]
[doc.rust-lang.org/rust-by-example/custom_types/enum/c_like.html]
[doc.rust-lang.org/rust-by-example/custom_types/enum/testcase_linked_list.html]
[doc.rust-lang.org/rust-by-example/variable_bindings.html]
[doc.rust-lang.org/rust-by-example/custom_types/constants.html]
[doc.rust-lang.org/rust-by-example/variable_bindings/mut.html]
[doc.rust-lang.org/rust-by-example/variable_bindings/scope.html]
[doc.rust-lang.org/rust-by-example/variable_bindings/declare.html]
[doc.rust-lang.org/rust-by-example/variable_bindings/freeze.html]
[doc.rust-lang.org/rust-by-example/types.html]
[doc.rust-lang.org/rust-by-example/types/cast.html]
[doc.rust-lang.org/rust-by-example/types/literals.html]
[doc.rust-lang.org/rust-by-example/types/inference.html]
[doc.rust-lang.org/rust-by-example/types/alias.html]
[doc.rust-lang.org/rust-by-example/conversion.html]
[doc.rust-lang.org/rust-by-example/conversion/from_into.html]
[doc.rust-lang.org/rust-by-example/conversion/try_from_try_into.html]
[doc.rust-lang.org/rust-by-example/conversion/string.html]
[doc.rust-lang.org/rust-by-example/expression.html]
[doc.rust-lang.org/rust-by-example/flow_control.html]
[doc.rust-lang.org/rust-by-example/flow_control/loop.html]
[doc.rust-lang.org/rust-by-example/flow_control/if_else.html]
[doc.rust-lang.org/rust-by-example/flow_control/loop/nested.html]
[doc.rust-lang.org/rust-by-example/flow_control/loop/return.html]
[doc.rust-lang.org/rust-by-example/flow_control/while.html]
[doc.rust-lang.org/rust-by-example/flow_control/for.html]
[doc.rust-lang.org/rust-by-example/flow_control/match.html]
[doc.rust-lang.org/rust-by-example/flow_control/match/destructuring.html]
[doc.rust-lang.org/rust-by-example/flow_control/match/destructuring/destructure_tuple.html]
[doc.rust-lang.org/rust-by-example/flow_control/match/destructuring/destructure_slice.html]
[doc.rust-lang.org/rust-by-example/flow_control/match/destructuring/destructure_enum.html]
[doc.rust-lang.org/rust-by-example/flow_control/match/destructuring/destructure_pointers.html]
[doc.rust-lang.org/rust-by-example/flow_control/match/destructuring/destructure_structures.html]
[doc.rust-lang.org/rust-by-example/flow_control/match/guard.html]
[doc.rust-lang.org/rust-by-example/flow_control/match/binding.html]
[doc.rust-lang.org/rust-by-example/flow_control/if_let.html]
[doc.rust-lang.org/rust-by-example/flow_control/let_else.html]
[doc.rust-lang.org/rust-by-example/flow_control/while_let.html]
[doc.rust-lang.org/rust-by-example/fn.html]
[doc.rust-lang.org/rust-by-example/fn/methods.html]
[doc.rust-lang.org/rust-by-example/fn/closures.html]
[doc.rust-lang.org/rust-by-example/fn/closures/capture.html]
[doc.rust-lang.org/rust-by-example/fn/closures/input_parameters.html]
[doc.rust-lang.org/rust-by-example/fn/closures/anonymity.html]
[doc.rust-lang.org/rust-by-example/fn/closures/input_functions.html]
[doc.rust-lang.org/rust-by-example/fn/closures/output_parameters.html]
[doc.rust-lang.org/rust-by-example/fn/closures/closure_examples.html]
[doc.rust-lang.org/rust-by-example/fn/closures/closure_examples/iter_any.html]
[doc.rust-lang.org/rust-by-example/fn/closures/closure_examples/iter_find.html]
[doc.rust-lang.org/rust-by-example/fn/hof.html]
[doc.rust-lang.org/rust-by-example/fn/diverging.html]
[doc.rust-lang.org/rust-by-example/mod.html]
[doc.rust-lang.org/rust-by-example/mod/visibility.html]
[doc.rust-lang.org/rust-by-example/mod/struct_visibility.html]
[doc.rust-lang.org/rust-by-example/mod/use.html]
[doc.rust-lang.org/rust-by-example/mod/super.html]
[doc.rust-lang.org/rust-by-example/mod/split.html]
[doc.rust-lang.org/rust-by-example/crates.html]
[doc.rust-lang.org/rust-by-example/crates/lib.html]
[doc.rust-lang.org/rust-by-example/crates/using_lib.html]
[doc.rust-lang.org/rust-by-example/cargo.html]
[doc.rust-lang.org/rust-by-example/cargo/deps.html]
[doc.rust-lang.org/rust-by-example/cargo/conventions.html]
[doc.rust-lang.org/rust-by-example/cargo/test.html]
[doc.rust-lang.org/rust-by-example/cargo/build_scripts.html]
[doc.rust-lang.org/rust-by-example/attribute.html]
[doc.rust-lang.org/rust-by-example/attribute/unused.html]
[doc.rust-lang.org/rust-by-example/attribute/crate.html]
[doc.rust-lang.org/rust-by-example/attribute/cfg.html]
[doc.rust-lang.org/rust-by-example/attribute/cfg/custom.html]
[doc.rust-lang.org/rust-by-example/generics.html]
[doc.rust-lang.org/rust-by-example/generics/gen_fn.html]
[doc.rust-lang.org/rust-by-example/generics/impl.html]
[doc.rust-lang.org/rust-by-example/generics/gen_trait.html]
[doc.rust-lang.org/rust-by-example/generics/bounds.html]
[doc.rust-lang.org/rust-by-example/generics/bounds/testcase_empty.html]
